Microchip MPLAB XC8 Compiler V1.37 ()

Linker command line:

-W-3 --edf=C:\Program Files (x86)\Microchip\xc8\v1.37\dat\en_msgs.txt -cs \
  -h+dist/default/production\SmartEVSE2.X.production.sym \
  --cmf=dist/default/production\SmartEVSE2.X.production.cmf -z -Q18F26K22 \
  -oC:\Users\anthony\AppData\Local\Temp\sndg.2 \
  -Mdist/default/production/SmartEVSE2.X.production.map -E1 -ver=XC8 \
  --acfsm=1493 -ASTACK=030Eh-0f37h -pstack=STACK \
  -p_EE_MaxCurrent_const=F00002h -p_EE_MaxMains_const=F00000h \
  -p_EE_MinCurrent_const=F00004h -p_EE_Mode_const=F0000Ah \
  -p_EE_Config_LoadBl_const=F0000Eh -p_EE_ICal_const=F00006h \
  -p_EE_RCmon_const=F00012h -p_EE_Access_const=F00010h \
  -p_EE_CableLimit_const=F0000Ch -ACODE=00h-0FCFBh -ACONST=00h-0FCFBh \
  -ASMALLCONST=01000h-010FFhx236,0FC00h-0FCFBh -AMEDIUMCONST=01000h-0FCFBh \
  -ACOMRAM=01h-05Fh -AABS1=00h-0F37h -ABIGRAM=01h-0F37h \
  -ARAM=060h-0FFh,0100h-01FFhx14,0F00h-0F37h -ABANK0=060h-0FFh \
  -ABANK1=0100h-01FFh -ABANK2=0200h-02FFh -ABANK3=0300h-03FFh \
  -ABANK4=0400h-04FFh -ABANK5=0500h-05FFh -ABANK6=0600h-06FFh \
  -ABANK7=0700h-07FFh -ABANK8=0800h-08FFh -ABANK9=0900h-09FFh \
  -ABANK10=0A00h-0AFFh -ABANK11=0B00h-0BFFh -ABANK12=0C00h-0CFFh \
  -ABANK13=0D00h-0DFFh -ABANK14=0E00h-0EFFh -ABANK15=0F00h-0F37h \
  -ASFR=0F38h-0F5Fh,0F60h-0FFFh \
  -preset_vec=00h,intcode=08h,intcodelo,powerup,init,end_init \
  -pramtop=01000h -psmallconst=SMALLCONST -pmediumconst=MEDIUMCONST \
  -pconst=CONST -AFARRAM=00h-00h -ACONFIG=0300000h-030000Dh -pconfig=CONFIG \
  -AIDLOC=0200000h-0200007h -pidloc=IDLOC -AEEDATA=0F00000h-0F003FFh \
  -peeprom_data=EEDATA \
  -prdata=COMRAM,nvrram=COMRAM,nvbit=COMRAM,rbss=COMRAM,rbit=COMRAM \
  -pfarbss=FARRAM,fardata=FARRAM,nvFARRAM=FARRAM \
  -pintsave_regs=BIGRAM,bigbss=BIGRAM,bigdata=BIGRAM -pbss=RAM \
  -pidata=CODE,irdata=CODE,ibigdata=CODE,ifardata=CODE -prparam=COMRAM \
  C:\Users\anthony\AppData\Local\Temp\sndg.obj \
  dist/default/production\SmartEVSE2.X.production.obj 

Object code version is 3.11

Machine type is 18F26K22

Call graph: (short form)




                Name                               Link     Load   Length Selector   Space Scale
C:\Users\anthony\AppData\Local\Temp\sndg.obj
                end_init                            3B2      3B2        4        4       0
                reset_vec                             0        0        4        0       0
                idloc                            200000   200000        8   200000       0
                config                           300000   300000        E   300000       0
dist/default/production\SmartEVSE2.X.production.obj
                intcode                               8        8      3AA        4       0
                temp                                 4F       4F        1        1       1
                mediumconst                        EA88     EA88     1274     7544       0
                text66                             68F8     68F8       26        4       0
                text65                             6962     6962       22        4       0
                text64                             677E     677E       38        4       0
                text63                             69DC     69DC       1A        4       0
                text62                             5C48     5C48       DA        4       0
                text61                             5A88     5A88       E4        4       0
                text60                             60F8     60F8       84        4       0
                text59                             5DF0     5DF0       CE        4       0
                text58                             6074     6074       84        4       0
                text57                             627A     627A       78        4       0
                text56                             6570     6570       5C        4       0
                text55                             69A4     69A4       1E        4       0
                text54                             6A4A     6A4A        C        4       0
                text53                             3FC0     3FC0      3AC        4       0
                text52                             2F9A     2F9A      5EE        4       0
                text51                             6940     6940       22        4       0
                text50                             6A3A     6A3A       10        4       0
                text49                             6984     6984       20        4       0
                text48                             6A08     6A08       12        4       0
                text47                             6A2A     6A2A       10        4       0
                text46                             6A1A     6A1A       10        4       0
                text45                             6444     6444       6A        4       0
                text44                             4FFE     4FFE      1BA        4       0
                text43                             6622     6622       4C        4       0
                text42                             6700     6700       40        4       0
                text41                             49F8     49F8      306        4       0
                text40                             61FE     61FE       7C        4       0
                text39                             6366     6366       70        4       0
                text38                             46BC     46BC      33C        4       0
                text37                             57B0     57B0       F6        4       0
                text36                             691E     691E       22        4       0
                text35                             67EC     67EC       34        4       0
                text34                             5998     5998       F0        4       0
                text33                             3588     3588      5B0        4       0
                text32                             6820     6820       32        4       0
                text31                             58A6     58A6       F2        4       0
                text30                             5EBE     5EBE       9E        4       0
                text29                             530C     530C      150        4       0
                text28                             6740     6740       3E        4       0
                text27                             66B8     66B8       48        4       0
                text26                             56B0     56B0      100        4       0
                text25                             2336     2336      C64        4       0
                text24                             69F6     69F6       12        4       0
                text23                             62F2     62F2       74        4       0
                text22                             69C2     69C2       1A        4       0
                text21                             67B6     67B6       36        4       0
                text20                             545C     545C      134        4       0
                text19                             5590     5590      120        4       0
                text18                             436C     436C      350        4       0
                text17                             6852     6852       2E        4       0
                text16                             65CC     65CC       56        4       0
                text15                             68D2     68D2       26        4       0
                text14                             3B38     3B38      488        4       0
                text13                             68AC     68AC       26        4       0
                text12                             5D22     5D22       CE        4       0
                text11                             666E     666E       4A        4       0
                text10                             13FC     13FC      F3A        4       0
                text9                              64AE     64AE       62        4       0
                text8                              6880     6880       2C        4       0
                text7                              617C     617C       82        4       0
                text6                              4CFE     4CFE      300        4       0
                text5                              6510     6510       60        4       0
                text4                              5FE8     5FE8       8C        4       0
                text3                              63D6     63D6       6E        4       0
                text2                              51B8     51B8      154        4       0
                text1                              5B6C     5B6C       DC        4       0
                text0                               3B6      3B6     1046        4       0
                cstackCOMRAM                          1        1       3E        1       1
                cstackBANK0                          60       60       52       60       1
                cstackBANK1                         1EE      1EE        6      100       1
                cstackBANK3                         300      300        E      300       1
                bssBANK2                            200      200      100      200       1
                dataBANK1                           1F4      1F4        2      100       1
                bssBANK1                            100      100       EE      100       1
                dataBANK0                            F7       F7        4       60       1
                bssBANK0                             B2       B2       45       60       1
                dataCOMRAM                           4E       4E        1        1       1
                bssCOMRAM                            3F       3F        F        1       1
                cinit                              5F5C     5F5C       8C        4       0
                _EE_RCmon_const                  F00012   F00012        2   780009       0
                _EE_Mode_const                   F0000A   F0000A        2   780005       0
                _EE_MinCurrent_const             F00004   F00004        2   780002       0
                _EE_MaxMains_const               F00000   F00000        2   780000       0
                _EE_MaxCurrent_const             F00002   F00002        2   780001       0
                _EE_Config_LoadBl_const          F0000E   F0000E        2   780007       0
                _EE_CableLimit_const             F0000C   F0000C        2   780006       0
                _EE_Access_const                 F00010   F00010        2   780008       0
                _EE_ICal_const                   F00006   F00006        4   780003       0
                idataBANK1                         6A5A     6A5A        2        4       0
                idataBANK0                         6A56     6A56        4        4       0
                idataCOMRAM                        6A5C     6A5C        1        4       0

TOTAL           Name                               Link     Load   Length     Space
        CLASS   STACK          

        CLASS   CODE           
                end_init                            3B2      3B2        4         0
                intcode                               8        8      3AA         0
                reset_vec                             0        0        4         0
                text66                             68F8     68F8       26         0
                text65                             6962     6962       22         0
                text64                             677E     677E       38         0
                text63                             69DC     69DC       1A         0
                text62                             5C48     5C48       DA         0
                text61                             5A88     5A88       E4         0
                text60                             60F8     60F8       84         0
                text59                             5DF0     5DF0       CE         0
                text58                             6074     6074       84         0
                text57                             627A     627A       78         0
                text56                             6570     6570       5C         0
                text55                             69A4     69A4       1E         0
                text54                             6A4A     6A4A        C         0
                text53                             3FC0     3FC0      3AC         0
                text52                             2F9A     2F9A      5EE         0
                text51                             6940     6940       22         0
                text50                             6A3A     6A3A       10         0
                text49                             6984     6984       20         0
                text48                             6A08     6A08       12         0
                text47                             6A2A     6A2A       10         0
                text46                             6A1A     6A1A       10         0
                text45                             6444     6444       6A         0
                text44                             4FFE     4FFE      1BA         0
                text43                             6622     6622       4C         0
                text42                             6700     6700       40         0
                text41                             49F8     49F8      306         0
                text40                             61FE     61FE       7C         0
                text39                             6366     6366       70         0
                text38                             46BC     46BC      33C         0
                text37                             57B0     57B0       F6         0
                text36                             691E     691E       22         0
                text35                             67EC     67EC       34         0
                text34                             5998     5998       F0         0
                text33                             3588     3588      5B0         0
                text32                             6820     6820       32         0
                text31                             58A6     58A6       F2         0
                text30                             5EBE     5EBE       9E         0
                text29                             530C     530C      150         0
                text28                             6740     6740       3E         0
                text27                             66B8     66B8       48         0
                text26                             56B0     56B0      100         0
                text25                             2336     2336      C64         0
                text24                             69F6     69F6       12         0
                text23                             62F2     62F2       74         0
                text22                             69C2     69C2       1A         0
                text21                             67B6     67B6       36         0
                text20                             545C     545C      134         0
                text19                             5590     5590      120         0
                text18                             436C     436C      350         0
                text17                             6852     6852       2E         0
                text16                             65CC     65CC       56         0
                text15                             68D2     68D2       26         0
                text14                             3B38     3B38      488         0
                text13                             68AC     68AC       26         0
                text12                             5D22     5D22       CE         0
                text11                             666E     666E       4A         0
                text10                             13FC     13FC      F3A         0
                text9                              64AE     64AE       62         0
                text8                              6880     6880       2C         0
                text7                              617C     617C       82         0
                text6                              4CFE     4CFE      300         0
                text5                              6510     6510       60         0
                text4                              5FE8     5FE8       8C         0
                text3                              63D6     63D6       6E         0
                text2                              51B8     51B8      154         0
                text1                              5B6C     5B6C       DC         0
                text0                               3B6      3B6     1046         0
                cinit                              5F5C     5F5C       8C         0
                _EE_RCmon_const                  F00012   F00012        2         0
                _EE_Mode_const                   F0000A   F0000A        2         0
                _EE_MinCurrent_const             F00004   F00004        2         0
                _EE_MaxMains_const               F00000   F00000        2         0
                _EE_MaxCurrent_const             F00002   F00002        2         0
                _EE_Config_LoadBl_const          F0000E   F0000E        2         0
                _EE_CableLimit_const             F0000C   F0000C        2         0
                _EE_Access_const                 F00010   F00010        2         0
                _EE_ICal_const                   F00006   F00006        4         0
                idataBANK1                         6A5A     6A5A        2         0
                idataBANK0                         6A56     6A56        4         0
                idataCOMRAM                        6A5C     6A5C        1         0

        CLASS   CONST          

        CLASS   SMALLCONST     

        CLASS   MEDIUMCONST    
                mediumconst                        EA88     EA88     1274         0

        CLASS   COMRAM         
                temp                                 4F       4F        1         1
                cstackCOMRAM                          1        1       3E         1
                dataCOMRAM                           4E       4E        1         1
                bssCOMRAM                            3F       3F        F         1

        CLASS   ABS1           

        CLASS   BIGRAM         

        CLASS   RAM            

        CLASS   BANK0          
                cstackBANK0                          60       60       52         1
                dataBANK0                            F7       F7        4         1
                bssBANK0                             B2       B2       45         1

        CLASS   BANK1          
                cstackBANK1                         1EE      1EE        6         1
                dataBANK1                           1F4      1F4        2         1
                bssBANK1                            100      100       EE         1

        CLASS   BANK2          
                bssBANK2                            200      200      100         1

        CLASS   BANK3          
                cstackBANK3                         300      300        E         1

        CLASS   BANK4          

        CLASS   BANK5          

        CLASS   BANK6          

        CLASS   BANK7          

        CLASS   BANK8          

        CLASS   BANK9          

        CLASS   BANK10         

        CLASS   BANK11         

        CLASS   BANK12         

        CLASS   BANK13         

        CLASS   BANK14         

        CLASS   BANK15         

        CLASS   SFR            

        CLASS   FARRAM         

        CLASS   CONFIG         
                config                           300000   300000        E         0

        CLASS   IDLOC          
                idloc                            200000   200000        8         0

        CLASS   EEDATA         



SEGMENTS        Name                           Load    Length   Top    Selector   Space  Class

                reset_vec                      000000  000004  000004         0       0  CODE    
                cstackCOMRAM                   000001  00004F  000050         1       1  COMRAM  
                intcode                        000008  006A55  006A5D         4       0  CODE    
                cstackBANK0                    000060  00009B  0000FB        60       1  BANK0   
                bssBANK1                       000100  0000F6  0001F6       100       1  BANK1   
                bssBANK2                       000200  000100  000300       200       1  BANK2   
                cstackBANK3                    000300  00000E  00030E       300       1  BANK3   
                mediumconst                    00EA88  001274  00FCFC      7544       0  MEDIUMCO
                idloc                          200000  000008  200008    200000       0  IDLOC   
                config                         300000  00000E  30000E    300000       0  CONFIG  
                _EE_MaxMains_const             F00000  000002  F00002    780000       0  CODE    
                _EE_MaxCurrent_const           F00002  000002  F00004    780001       0  CODE    
                _EE_MinCurrent_const           F00004  000002  F00006    780002       0  CODE    
                _EE_ICal_const                 F00006  000004  F0000A    780003       0  CODE    
                _EE_Mode_const                 F0000A  000002  F0000C    780005       0  CODE    
                _EE_CableLimit_const           F0000C  000002  F0000E    780006       0  CODE    
                _EE_Config_LoadBl_const        F0000E  000002  F00010    780007       0  CODE    
                _EE_Access_const               F00010  000002  F00012    780008       0  CODE    
                _EE_RCmon_const                F00012  000002  F00014    780009       0  CODE    


UNUSED ADDRESS RANGES

        Name                Unused          Largest block    Delta
        BANK0            0000FB-0000FF                5
        BANK1            0001F6-0001FF                A
        BANK10           000A00-000AFF              100
        BANK11           000B00-000BFF              100
        BANK12           000C00-000CFF              100
        BANK13           000D00-000DFF              100
        BANK14           000E00-000EFF              100
        BANK15           000F00-000F37               38
        BANK3            00030E-0003FF               F2
        BANK4            000400-0004FF              100
        BANK5            000500-0005FF              100
        BANK6            000600-0006FF              100
        BANK7            000700-0007FF              100
        BANK8            000800-0008FF              100
        BANK9            000900-0009FF              100
        BIGRAM           000050-00005F               10
                         0000FB-0000FF                5
                         0001F6-0001FF                A
                         00030E-000F37              C2A
        CODE             000004-000007                4
                         006A5D-00EA87             802B
        COMRAM           000050-00005F               10
        CONST            000004-000007                4
                         006A5D-00EA87             802B
        EEDATA           F00014-F003FF              3EC
        MEDIUMCONST      006A5D-00EA87             802B
        RAM              0000FB-0000FF                5
                         0001F6-0001FF                A
                         00030E-000F37              100
        SFR              000F38-000FFF               28
        SMALLCONST       006A5D-00EA87              100
        STACK            00030E-000F37              C2A

                                  Symbol Table

?___awdiv                        cstackCOMRAM            000011
?___awmod                        cstackCOMRAM            000011
?___fldiv                        cstackCOMRAM            00002A
?___flmul                        cstackCOMRAM            000011
?___flneg                        cstackCOMRAM            000011
?___fltol                        cstackCOMRAM            000036
?___lldiv                        cstackCOMRAM            00001D
?___lmul                         cstackCOMRAM            000011
?___lwdiv                        cstackBANK0             000073
?___lwmod                        cstackBANK0             00006F
?___wmul                         cstackCOMRAM            000017
?___xxtofl                       cstackCOMRAM            000011
?_atof                           cstackBANK0             000074
?_atoi                           cstackCOMRAM            00001D
?_calc_crc16                     cstackCOMRAM            000011
?_printf                         cstackBANK0             00007A
?_strcmp                         cstackCOMRAM            000011
?_strlen                         cstackCOMRAM            000011
?_strtod                         cstackCOMRAM            000036
BroadcastCurrent@cs              cstackCOMRAM            00001C
BroadcastCurrent@n               cstackCOMRAM            00001F
BroadcastCurrent@x               cstackCOMRAM            00001E
CalcBalancedCurrent@ActiveMax    cstackBANK0             0000A5
CalcBalancedCurrent@Average      cstackBANK0             00009C
CalcBalancedCurrent@BalancedLeft cstackBANK0             0000AF
CalcBalancedCurrent@Baseload     cstackBANK0             0000AD
CalcBalancedCurrent@CurrentSet   cstackBANK0             00009E
CalcBalancedCurrent@F7890        bssBANK1                00013A
CalcBalancedCurrent@Idifference  cstackBANK0             0000AB
CalcBalancedCurrent@MaxBalanced  cstackBANK0             0000A9
CalcBalancedCurrent@TotalCurrent cstackBANK0             0000A2
CalcBalancedCurrent@mod          cstackBANK0             0000A4
CalcBalancedCurrent@n            cstackBANK0             0000B1
GLCD@x                           cstackBANK0             000085
GLCDHelp@x                       cstackBANK0             000089
GLCDMenu@ButtonRelease           bssBANK0                0000CA
GLCDMenu@ButtonTimer             bssBANK1                00013E
GLCDMenu@Buttons                 cstackBANK0             00009E
GLCDMenu@CT1                     bssBANK0                0000BA
GLCDMenu@CT1old                  bssBANK1                00014E
GLCDMenu@Iold                    bssBANK1                000142
GLCD_buffer_clr@x                cstackCOMRAM            000011
GLCD_print2@data                 cstackBANK0             000081
GLCD_print2@y                    cstackBANK0             000083
GLCD_print_Amps@Amps             cstackBANK0             000081
GLCD_print_menu@RowAdr           cstackBANK0             000083
GLCD_print_menu@data             cstackBANK0             000081
GLCD_print_row@data              cstackBANK0             000081
GLCD_print_row@x                 cstackBANK0             000084
GLCD_sendbuf@RowAdr              cstackCOMRAM            000016
GLCD_sendbuf@i                   cstackCOMRAM            000018
GLCD_sendbuf@x                   cstackCOMRAM            000017
GLCD_write_buf2@c                cstackBANK0             00007A
GLCD_write_buf2@ch               cstackBANK0             00007F
GLCD_write_buf2@i                cstackBANK0             00007E
GLCD_write_buf2@x                cstackBANK0             00007D
GLCD_write_buf2@z1               cstackBANK0             000080
IsCurrentAvailable@ActiveEVSE    cstackCOMRAM            000025
IsCurrentAvailable@Baseload      cstackCOMRAM            000023
IsCurrentAvailable@TotalCurrent  cstackCOMRAM            000021
IsCurrentAvailable@n             cstackCOMRAM            000026
RS232cli@Inew                    cstackBANK0             0000AA
RS232cli@Iold                    cstackBANK0             00009A
RS232cli@n                       cstackBANK0             0000AE
RS485SendBuf@buffer              cstackCOMRAM            000011
RS485SendBuf@ch                  cstackCOMRAM            000019
RS485SendBuf@index               cstackCOMRAM            000018
RS485SendBuf@len                 cstackCOMRAM            000013
RS485SendBuf@tmr                 cstackCOMRAM            000014
SendRS485@address                cstackCOMRAM            00001F
SendRS485@command                cstackCOMRAM            00001C
SendRS485@cs                     cstackCOMRAM            000020
SendRS485@data                   cstackCOMRAM            00001D
SendRS485@data2                  cstackCOMRAM            00001E
SetCurrent@DutyCycle             cstackBANK0             00009F
SetCurrent@current               cstackBANK0             000099
SetCurrent@demandcurrent         cstackBANK0             00009D
Temp@temp                        cstackBANK0             00007A
TestIO@error                     cstackBANK0             000086
_ADCON0                          (abs)                   000FC2
_ADCON0bits                      (abs)                   000FC2
_ADCON1                          (abs)                   000FC1
_ADCON2                          (abs)                   000FC0
_ADRES                           (abs)                   000FC3
_ANSELA                          (abs)                   000F38
_ANSELB                          (abs)                   000F39
_ANSELC                          (abs)                   000F3A
_Access                          bssCOMRAM               000049
_AccessTimer                     bssBANK1                000150
_Access_bit                      bssBANK0                0000CB
_BAUDCON1                        (abs)                   000FB8
_BAUDCON2                        (abs)                   000F70
_BacklightTimer                  bssBANK0                0000CC
_Balanced                        bssBANK0                0000B2
_BalancedMax                     bssBANK1                000132
_BalancedState                   bssBANK1                000146
_BlinkLed                        text62                  005C48
_BroadcastCurrent                text59                  005DF0
_ButtonState                     dataBANK0               0000F7
_CCP1CON                         (abs)                   000FBD
_CCP2CON                         (abs)                   000F66
_CCPR1L                          (abs)                   000FBE
_CCPR2L                          (abs)                   000F67
_CableLimit                      bssBANK0                0000F1
_CalcBalancedCurrent             text52                  002F9A
_CalcBalancedCurrent$2778        cstackBANK0             0000A7
_ChargeCurrent                   bssBANK0                0000BC
_ChargeDelay                     bssCOMRAM               000043
_ChargeTimer                     bssBANK1                000152
_Charging                        bssBANK0                0000CD
_Config                          bssCOMRAM               00004A
_EEADR                           (abs)                   000FA9
_EEADRH                          (abs)                   000FAA
_EECON1                          (abs)                   000FA6
_EECON1bits                      (abs)                   000FA6
_EECON2                          (abs)                   000FA7
_EEDATA                          (abs)                   000FA8
_EE_Access                       _EE_Access_const        F00010
_EE_Access_absconstaddr          (abs)                   F00010
_EE_CableLimit                   _EE_CableLimit_const    F0000C
_EE_CableLimit_absconstaddr      (abs)                   F0000C
_EE_Config_LoadBl                _EE_Config_LoadBl_const F0000E
_EE_Config_LoadBl_absconstaddr   (abs)                   F0000E
_EE_ICal                         _EE_ICal_const          F00006
_EE_ICal_absconstaddr            (abs)                   F00006
_EE_MaxCurrent                   _EE_MaxCurrent_const    F00002
_EE_MaxCurrent_absconstaddr      (abs)                   F00002
_EE_MaxMains                     _EE_MaxMains_const      F00000
_EE_MaxMains_absconstaddr        (abs)                   F00000
_EE_MinCurrent                   _EE_MinCurrent_const    F00004
_EE_MinCurrent_absconstaddr      (abs)                   F00004
_EE_Mode                         _EE_Mode_const          F0000A
_EE_Mode_absconstaddr            (abs)                   F0000A
_EE_RCmon                        _EE_RCmon_const         F00012
_EE_RCmon_absconstaddr           (abs)                   F00012
_Error                           bssCOMRAM               000044
_GLCD                            text33                  003588
_GLCDHelp                        text41                  0049F8
_GLCDMenu                        text25                  002336
_GLCD_buffer_clr                 text51                  006940
_GLCD_init                       text23                  0062F2
_GLCD_print2                     text40                  0061FE
_GLCD_print_Amps                 text31                  0058A6
_GLCD_print_arrows               text32                  006820
_GLCD_print_menu                 text30                  005EBE
_GLCD_print_row                  text43                  006622
_GLCD_sendbuf                    text45                  006444
_GLCD_version                    text21                  0067B6
_GLCD_write_buf2                 text44                  004FFE
_GLCDbuf                         bssBANK2                000200
_GLCDx                           bssBANK0                0000BE
_GLCDy                           bssBANK1                000154
_ICal                            bssBANK0                0000ED
_INTCON                          (abs)                   000FF2
_INTCON2bits                     (abs)                   000FF1
_INTCONbits                      (abs)                   000FF2
_ISR2FLAG                        bssBANK0                0000CE
_ISRFLAG                         bssBANK0                0000CF
_ISRTXFLAG                       bssBANK0                0000D0
_Imeasured                       bssBANK0                0000C0
_Irms                            bssBANK0                0000E1
_IsCurrentAvailable              text20                  00545C
_IsCurrentAvailable$2777         cstackCOMRAM            00001F
_IsetBalanced                    bssBANK0                0000C2
_LATAbits                        (abs)                   000F89
_LATBbits                        (abs)                   000F8A
_LATCbits                        (abs)                   000F8B
_LCDNav                          bssBANK0                0000D1
_LCDTimer                        bssBANK0                0000D2
_LCDpos                          dataBANK0               0000F8
_LedCount                        bssBANK0                0000D3
_LedPwm                          bssBANK0                0000D4
_LedTimer                        bssBANK0                0000D5
_LedUpdate                       bssBANK0                0000D6
_LoadBl                          bssCOMRAM               00004B
_Lock                            bssCOMRAM               00004C
_MaxCapacity                     bssBANK0                0000C4
_MaxCurrent                      bssBANK0                0000F3
_MaxMains                        bssCOMRAM               000045
_MenuAccess                      mediumconst             00F10E
_MenuCable                       mediumconst             00F0A1
_MenuCal                         mediumconst             00EFC1
_MenuConfig                      mediumconst             00F020
_MenuLoadBl                      mediumconst             00F0ED
_MenuLock                        mediumconst             00F0C8
_MenuMains                       mediumconst             00F12D
_MenuMax                         mediumconst             00F04D
_MenuMin                         mediumconst             00EF8E
_MenuMode                        mediumconst             00EFF1
_MenuRCmon                       mediumconst             00F078
_Min                             dataBANK0               0000F9
_MinCurrent                      bssCOMRAM               000047
_Mode                            bssCOMRAM               00004D
_NextState                       bssBANK0                0000D7
_NoCurrent                       bssBANK0                0000D8
_OSCCON                          (abs)                   000FD3
_OSCCON2                         (abs)                   000FD2
_OldButtonState                  dataBANK0               0000FA
_PIE1bits                        (abs)                   000F9D
_PIE3bits                        (abs)                   000FA3
_PIE5bits                        (abs)                   000F7D
_PIR1bits                        (abs)                   000F9E
_PIR3bits                        (abs)                   000FA4
_PIR5bits                        (abs)                   000F7E
_PMD0                            (abs)                   000F3F
_PMD1                            (abs)                   000F3E
_PMD2                            (abs)                   000F3D
_PORTA                           (abs)                   000F80
_PORTB                           (abs)                   000F81
_PORTBbits                       (abs)                   000F81
_PORTC                           (abs)                   000F82
_PORTCbits                       (abs)                   000F82
_PP                              dataBANK1               0001F4
_PR2                             (abs)                   000FBB
_PR4                             (abs)                   000F52
_ProximityPin                    text4                   005FE8
_RCON                            (abs)                   000FD0
_RCONbits                        (abs)                   000FD0
_RCREG1                          (abs)                   000FAE
_RCREG2                          (abs)                   000F74
_RCSTA1                          (abs)                   000FAB
_RCSTA1bits                      (abs)                   000FAB
_RCSTA2                          (abs)                   000F71
_RCSTA2bits                      (abs)                   000F71
_RCmon                           bssBANK0                0000F5
_RS232cli                        text10                  0013FC
_RS232cli$2779                   cstackBANK0             0000A6
_RS232cli$2780                   cstackBANK0             0000A8
_RS232cli$2781                   cstackBANK0             00009E
_RS232cli$2782                   cstackBANK0             0000A0
_RS232cli$2783                   cstackBANK0             0000A2
_RS232cli$2784                   cstackBANK0             0000A4
_RS485SendBuf                    text61                  005A88
_RX1byte                         bssBANK0                0000F6
_ReadPP                          text8                   006880
_ReadPilot                       text3                   0063D6
_SPBRG1                          (abs)                   000FAF
_SPBRG2                          (abs)                   000F75
_SPBRGH1                         (abs)                   000FB0
_SPBRGH2                         (abs)                   000F76
_SSP1BUF                         (abs)                   000FC9
_SSP1CON1                        (abs)                   000FC6
_SSP1STAT                        (abs)                   000FC7
_ScrollTimer                     bssBANK1                00014A
_SendRS485                       text9                   0064AE
_SetCurrent                      text6                   004CFE
_State                           dataCOMRAM              00004E
_StrAccess                       mediumconst             00F187
_StrCable                        mediumconst             00F1B1
_StrCal                          mediumconst             00F1E9
_StrConfig                       mediumconst             00F18E
_StrDisabled                     mediumconst             00F14C
_StrEnabled                      mediumconst             00F167
_StrExit                         mediumconst             00F1D5
_StrExitMenu                     mediumconst             00F1DA
_StrFixed                        mediumconst             00F1B7
_StrLoadBl                       mediumconst             00F155
_StrLock                         mediumconst             00F1DF
_StrMains                        mediumconst             00F1BD
_StrMaster                       mediumconst             00F195
_StrMax                          mediumconst             00F1ED
_StrMin                          mediumconst             00F1F1
_StrMode                         mediumconst             00F1E4
_StrMotor                        mediumconst             00F1C3
_StrNormal                       mediumconst             00F19C
_StrRcmon                        mediumconst             00F1C9
_StrSlave1                       mediumconst             00F16F
_StrSlave2                       mediumconst             00F177
_StrSlave3                       mediumconst             00F17F
_StrSmart                        mediumconst             00F1CF
_StrSocket                       mediumconst             00F1A3
_StrSolenoid                     mediumconst             00F15E
_StrSwitch                       mediumconst             00F1AA
_SubMenu                         bssBANK0                0000D9
_T0CON                           (abs)                   000FD5
_T2CON                           (abs)                   000FBA
_T4CON                           (abs)                   000F51
_TMR0H                           (abs)                   000FD7
_TMR0L                           (abs)                   000FD6
_TMR2                            (abs)                   000FBC
_TRISA                           (abs)                   000F92
_TRISB                           (abs)                   000F93
_TRISC                           (abs)                   000F94
_TX1byte                         bssBANK0                0000DA
_TXREG1                          (abs)                   000FAD
_TXREG2                          (abs)                   000F73
_TXSTA1                          (abs)                   000FAC
_TXSTA1bits                      (abs)                   000FAC
_TXSTA2                          (abs)                   000F72
_Tbuffer                         bssBANK1                000158
_Temp                            text5                   006510
_TempEVSE                        bssBANK0                0000DB
_TestIO                          text2                   0051B8
_TestState                       bssBANK0                0000DC
_Timer                           bssCOMRAM               00003F
_U1TXbuffer                      bssBANK1                000100
_U1buffer                        bssBANK1                00018A
_U2buffer                        bssBANK1                0001BC
_VREFCON0                        (abs)                   000F42
_WPUB                            (abs)                   000F61
_WasCharging                     bssBANK0                0000DD
__CFG_BOREN$ON                   (abs)                   000000
__CFG_BORV$285                   (abs)                   000000
__CFG_CCP2MX$PORTB3              (abs)                   000000
__CFG_CCP3MX$PORTC6              (abs)                   000000
__CFG_CP0$OFF                    (abs)                   000000
__CFG_CP1$OFF                    (abs)                   000000
__CFG_CP2$OFF                    (abs)                   000000
__CFG_CP3$OFF                    (abs)                   000000
__CFG_CPB$OFF                    (abs)                   000000
__CFG_CPD$OFF                    (abs)                   000000
__CFG_DEBUG$OFF                  (abs)                   000000
__CFG_EBTR0$OFF                  (abs)                   000000
__CFG_EBTR1$OFF                  (abs)                   000000
__CFG_EBTR2$OFF                  (abs)                   000000
__CFG_EBTR3$OFF                  (abs)                   000000
__CFG_EBTRB$OFF                  (abs)                   000000
__CFG_FCMEN$OFF                  (abs)                   000000
__CFG_FOSC$HSMP                  (abs)                   000000
__CFG_HFOFST$OFF                 (abs)                   000000
__CFG_IESO$OFF                   (abs)                   000000
__CFG_LVP$OFF                    (abs)                   000000
__CFG_MCLRE$INTMCLR              (abs)                   000000
__CFG_P2BMX$PORTC0               (abs)                   000000
__CFG_PBADEN$OFF                 (abs)                   000000
__CFG_PLLCFG$OFF                 (abs)                   000000
__CFG_PRICLKEN$ON                (abs)                   000000
__CFG_PWRTEN$ON                  (abs)                   000000
__CFG_STVREN$ON                  (abs)                   000000
__CFG_T3CMX$PORTB5               (abs)                   000000
__CFG_WDTEN$OFF                  (abs)                   000000
__CFG_WDTPS$2048                 (abs)                   000000
__CFG_WRT0$OFF                   (abs)                   000000
__CFG_WRT1$OFF                   (abs)                   000000
__CFG_WRT2$OFF                   (abs)                   000000
__CFG_WRT3$OFF                   (abs)                   000000
__CFG_WRTB$OFF                   (abs)                   000000
__CFG_WRTC$OFF                   (abs)                   000000
__CFG_WRTD$OFF                   (abs)                   000000
__CFG_XINST$OFF                  (abs)                   000000
__HRAM                           (abs)                   000000
__H_EE_Access_const              _EE_Access_const        F00012
__H_EE_CableLimit_const          _EE_CableLimit_const    F0000E
__H_EE_Config_LoadBl_const       _EE_Config_LoadBl_const F00010
__H_EE_ICal_const                _EE_ICal_const          F0000A
__H_EE_MaxCurrent_const          _EE_MaxCurrent_const    F00004
__H_EE_MaxMains_const            _EE_MaxMains_const      F00002
__H_EE_MinCurrent_const          _EE_MinCurrent_const    F00006
__H_EE_Mode_const                _EE_Mode_const          F0000C
__H_EE_RCmon_const               _EE_RCmon_const         F00014
__Habs1                          abs1                    000000
__Hbank0                         bank0                   000000
__Hbank1                         bank1                   000000
__Hbank10                        bank10                  000000
__Hbank11                        bank11                  000000
__Hbank12                        bank12                  000000
__Hbank13                        bank13                  000000
__Hbank14                        bank14                  000000
__Hbank15                        bank15                  000000
__Hbank2                         bank2                   000000
__Hbank3                         bank3                   000000
__Hbank4                         bank4                   000000
__Hbank5                         bank5                   000000
__Hbank6                         bank6                   000000
__Hbank7                         bank7                   000000
__Hbank8                         bank8                   000000
__Hbank9                         bank9                   000000
__Hbigbss                        bigbss                  000000
__Hbigdata                       bigdata                 000000
__Hbigram                        bigram                  000000
__Hbss                           bss                     000000
__HbssBANK0                      bssBANK0                000000
__HbssBANK1                      bssBANK1                000000
__HbssBANK2                      bssBANK2                000000
__HbssCOMRAM                     bssCOMRAM               000000
__Hcinit                         cinit                   000000
__Hclrtext                       clrtext                 000000
__Hcomram                        comram                  000000
__Hconfig                        config                  30000E
__Hconst                         const                   000000
__HcstackBANK0                   cstackBANK0             000000
__HcstackBANK1                   cstackBANK1             000000
__HcstackBANK3                   cstackBANK3             000000
__HcstackCOMRAM                  cstackCOMRAM            000000
__Hdata                          data                    000000
__HdataBANK0                     dataBANK0               000000
__HdataBANK1                     dataBANK1               000000
__HdataCOMRAM                    dataCOMRAM              000000
__Heeprom_data                   eeprom_data             000000
__Hend_init                      end_init                0003B6
__Hfarbss                        farbss                  000000
__Hfardata                       fardata                 000000
__Hibigdata                      ibigdata                000000
__Hidata                         idata                   000000
__HidataBANK0                    idataBANK0              000000
__HidataBANK1                    idataBANK1              000000
__HidataCOMRAM                   idataCOMRAM             000000
__Hidloc                         idloc                   200008
__Hifardata                      ifardata                000000
__Hinit                          init                    0003B2
__Hintcode                       intcode                 0003B2
__Hintcode_body                  intcode_body            000000
__Hintcodelo                     intcodelo               0003B2
__Hintentry                      intentry                000000
__Hintret                        intret                  000000
__Hintsave_regs                  intsave_regs            000000
__Hirdata                        irdata                  000000
__Hmediumconst                   mediumconst             00FCFC
__HnvFARRAM                      nvFARRAM                000000
__Hnvbit                         nvbit                   000000
__Hnvrram                        nvrram                  000000
__Hparam                         rparam                  000000
__Hpowerup                       powerup                 0003B2
__Hram                           ram                     000000
__Hramtop                        ramtop                  001000
__Hrbit                          rbit                    000000
__Hrbss                          rbss                    000000
__Hrdata                         rdata                   000000
__Hreset_vec                     reset_vec               000004
__Hrparam                        rparam                  000000
__Hsfr                           sfr                     000000
__Hsmallconst                    smallconst              000000
__Hspace_0                       (abs)                   F00014
__Hspace_1                       (abs)                   00030E
__Hspace_2                       (abs)                   000000
__Hstack                         stack                   000000
__Hstruct                        struct                  000000
__Htemp                          temp                    000050
__Htext                          text                    000000
__Htext0                         text0                   000000
__Htext1                         text1                   000000
__Htext10                        text10                  000000
__Htext11                        text11                  000000
__Htext12                        text12                  000000
__Htext13                        text13                  000000
__Htext14                        text14                  000000
__Htext15                        text15                  000000
__Htext16                        text16                  000000
__Htext17                        text17                  000000
__Htext18                        text18                  000000
__Htext19                        text19                  000000
__Htext2                         text2                   000000
__Htext20                        text20                  000000
__Htext21                        text21                  000000
__Htext22                        text22                  000000
__Htext23                        text23                  000000
__Htext24                        text24                  000000
__Htext25                        text25                  000000
__Htext26                        text26                  000000
__Htext27                        text27                  000000
__Htext28                        text28                  000000
__Htext29                        text29                  000000
__Htext3                         text3                   000000
__Htext30                        text30                  000000
__Htext31                        text31                  000000
__Htext32                        text32                  000000
__Htext33                        text33                  000000
__Htext34                        text34                  000000
__Htext35                        text35                  000000
__Htext36                        text36                  000000
__Htext37                        text37                  000000
__Htext38                        text38                  000000
__Htext39                        text39                  000000
__Htext4                         text4                   000000
__Htext40                        text40                  000000
__Htext41                        text41                  000000
__Htext42                        text42                  000000
__Htext43                        text43                  000000
__Htext44                        text44                  000000
__Htext45                        text45                  000000
__Htext46                        text46                  000000
__Htext47                        text47                  000000
__Htext48                        text48                  000000
__Htext49                        text49                  000000
__Htext5                         text5                   000000
__Htext50                        text50                  000000
__Htext51                        text51                  000000
__Htext52                        text52                  000000
__Htext53                        text53                  000000
__Htext54                        text54                  000000
__Htext55                        text55                  000000
__Htext56                        text56                  000000
__Htext57                        text57                  000000
__Htext58                        text58                  000000
__Htext59                        text59                  000000
__Htext6                         text6                   000000
__Htext60                        text60                  000000
__Htext61                        text61                  000000
__Htext62                        text62                  000000
__Htext63                        text63                  000000
__Htext64                        text64                  000000
__Htext65                        text65                  000000
__Htext66                        text66                  000000
__Htext7                         text7                   000000
__Htext8                         text8                   000000
__Htext9                         text9                   000000
__LRAM                           (abs)                   000001
__L_EE_Access_const              _EE_Access_const        F00010
__L_EE_CableLimit_const          _EE_CableLimit_const    F0000C
__L_EE_Config_LoadBl_const       _EE_Config_LoadBl_const F0000E
__L_EE_ICal_const                _EE_ICal_const          F00006
__L_EE_MaxCurrent_const          _EE_MaxCurrent_const    F00002
__L_EE_MaxMains_const            _EE_MaxMains_const      F00000
__L_EE_MinCurrent_const          _EE_MinCurrent_const    F00004
__L_EE_Mode_const                _EE_Mode_const          F0000A
__L_EE_RCmon_const               _EE_RCmon_const         F00012
__Labs1                          abs1                    000000
__Lbank0                         bank0                   000000
__Lbank1                         bank1                   000000
__Lbank10                        bank10                  000000
__Lbank11                        bank11                  000000
__Lbank12                        bank12                  000000
__Lbank13                        bank13                  000000
__Lbank14                        bank14                  000000
__Lbank15                        bank15                  000000
__Lbank2                         bank2                   000000
__Lbank3                         bank3                   000000
__Lbank4                         bank4                   000000
__Lbank5                         bank5                   000000
__Lbank6                         bank6                   000000
__Lbank7                         bank7                   000000
__Lbank8                         bank8                   000000
__Lbank9                         bank9                   000000
__Lbigbss                        bigbss                  000000
__Lbigdata                       bigdata                 000000
__Lbigram                        bigram                  000000
__Lbss                           bss                     000000
__LbssBANK0                      bssBANK0                000000
__LbssBANK1                      bssBANK1                000000
__LbssBANK2                      bssBANK2                000000
__LbssCOMRAM                     bssCOMRAM               000000
__Lcinit                         cinit                   000000
__Lclrtext                       clrtext                 000000
__Lcomram                        comram                  000000
__Lconfig                        config                  300000
__Lconst                         const                   000000
__LcstackBANK0                   cstackBANK0             000000
__LcstackBANK1                   cstackBANK1             000000
__LcstackBANK3                   cstackBANK3             000000
__LcstackCOMRAM                  cstackCOMRAM            000000
__Ldata                          data                    000000
__LdataBANK0                     dataBANK0               000000
__LdataBANK1                     dataBANK1               000000
__LdataCOMRAM                    dataCOMRAM              000000
__Leeprom_data                   eeprom_data             000000
__Lend_init                      end_init                0003B2
__Lfarbss                        farbss                  000000
__Lfardata                       fardata                 000000
__Libigdata                      ibigdata                000000
__Lidata                         idata                   000000
__LidataBANK0                    idataBANK0              000000
__LidataBANK1                    idataBANK1              000000
__LidataCOMRAM                   idataCOMRAM             000000
__Lidloc                         idloc                   200000
__Lifardata                      ifardata                000000
__Linit                          init                    0003B2
__Lintcode                       intcode                 000008
__Lintcode_body                  intcode_body            000000
__Lintcodelo                     intcodelo               0003B2
__Lintentry                      intentry                000000
__Lintret                        intret                  000000
__Lintsave_regs                  intsave_regs            000000
__Lirdata                        irdata                  000000
__Lmediumconst                   mediumconst             00EA88
__LnvFARRAM                      nvFARRAM                000000
__Lnvbit                         nvbit                   000000
__Lnvrram                        nvrram                  000000
__Lparam                         rparam                  000000
__Lpowerup                       powerup                 0003B2
__Lram                           ram                     000000
__Lramtop                        ramtop                  001000
__Lrbit                          rbit                    000000
__Lrbss                          rbss                    000000
__Lrdata                         rdata                   000000
__Lreset_vec                     reset_vec               000000
__Lrparam                        rparam                  000000
__Lsfr                           sfr                     000000
__Lsmallconst                    smallconst              000000
__Lspace_0                       (abs)                   000000
__Lspace_1                       (abs)                   000000
__Lspace_2                       (abs)                   000000
__Lstack                         stack                   000000
__Lstruct                        struct                  000000
__Ltemp                          temp                    00004F
__Ltext                          text                    000000
__Ltext0                         text0                   000000
__Ltext1                         text1                   000000
__Ltext10                        text10                  000000
__Ltext11                        text11                  000000
__Ltext12                        text12                  000000
__Ltext13                        text13                  000000
__Ltext14                        text14                  000000
__Ltext15                        text15                  000000
__Ltext16                        text16                  000000
__Ltext17                        text17                  000000
__Ltext18                        text18                  000000
__Ltext19                        text19                  000000
__Ltext2                         text2                   000000
__Ltext20                        text20                  000000
__Ltext21                        text21                  000000
__Ltext22                        text22                  000000
__Ltext23                        text23                  000000
__Ltext24                        text24                  000000
__Ltext25                        text25                  000000
__Ltext26                        text26                  000000
__Ltext27                        text27                  000000
__Ltext28                        text28                  000000
__Ltext29                        text29                  000000
__Ltext3                         text3                   000000
__Ltext30                        text30                  000000
__Ltext31                        text31                  000000
__Ltext32                        text32                  000000
__Ltext33                        text33                  000000
__Ltext34                        text34                  000000
__Ltext35                        text35                  000000
__Ltext36                        text36                  000000
__Ltext37                        text37                  000000
__Ltext38                        text38                  000000
__Ltext39                        text39                  000000
__Ltext4                         text4                   000000
__Ltext40                        text40                  000000
__Ltext41                        text41                  000000
__Ltext42                        text42                  000000
__Ltext43                        text43                  000000
__Ltext44                        text44                  000000
__Ltext45                        text45                  000000
__Ltext46                        text46                  000000
__Ltext47                        text47                  000000
__Ltext48                        text48                  000000
__Ltext49                        text49                  000000
__Ltext5                         text5                   000000
__Ltext50                        text50                  000000
__Ltext51                        text51                  000000
__Ltext52                        text52                  000000
__Ltext53                        text53                  000000
__Ltext54                        text54                  000000
__Ltext55                        text55                  000000
__Ltext56                        text56                  000000
__Ltext57                        text57                  000000
__Ltext58                        text58                  000000
__Ltext59                        text59                  000000
__Ltext6                         text6                   000000
__Ltext60                        text60                  000000
__Ltext61                        text61                  000000
__Ltext62                        text62                  000000
__Ltext63                        text63                  000000
__Ltext64                        text64                  000000
__Ltext65                        text65                  000000
__Ltext66                        text66                  000000
__Ltext7                         text7                   000000
__Ltext8                         text8                   000000
__Ltext9                         text9                   000000
__S0                             (abs)                   30000E
__S1                             (abs)                   00030E
__S2                             (abs)                   000000
___awdiv                         text58                  006074
___awdiv@counter                 cstackCOMRAM            000015
___awdiv@dividend                cstackCOMRAM            000011
___awdiv@divisor                 cstackCOMRAM            000013
___awdiv@quotient                cstackCOMRAM            000017
___awdiv@sign                    cstackCOMRAM            000016
___awmod                         text39                  006366
___awmod@counter                 cstackCOMRAM            000015
___awmod@dividend                cstackCOMRAM            000011
___awmod@divisor                 cstackCOMRAM            000013
___awmod@sign                    cstackCOMRAM            000016
___fldiv                         text38                  0046BC
___fldiv@a                       cstackCOMRAM            00002E
___fldiv@aexp                    cstackBANK0             00006C
___fldiv@b                       cstackCOMRAM            00002A
___fldiv@bexp                    cstackBANK0             00006B
___fldiv@grs                     cstackBANK0             000067
___fldiv@new_exp                 cstackBANK0             000065
___fldiv@rem                     cstackBANK0             000061
___fldiv@sign                    cstackBANK0             000060
___flge                          text19                  005590
___flge@ff1                      cstackCOMRAM            00001F
___flge@ff2                      cstackCOMRAM            000023
___flmul                         text18                  00436C
___flmul@a                       cstackCOMRAM            000015
___flmul@aexp                    cstackCOMRAM            00001E
___flmul@b                       cstackCOMRAM            000011
___flmul@bexp                    cstackCOMRAM            000023
___flmul@grs                     cstackCOMRAM            00001F
___flmul@prod                    cstackCOMRAM            000024
___flmul@sign                    cstackCOMRAM            00001D
___flmul@temp                    cstackCOMRAM            000028
___flneg                         text17                  006852
___flneg@f1                      cstackCOMRAM            000011
___fltol                         text37                  0057B0
___fltol@exp1                    cstackBANK0             00006E
___fltol@f1                      cstackCOMRAM            000036
___fltol@sign1                   cstackBANK0             00006D
___inthi_sp                      stack                   000000
___intlo_sp                      stack                   000000
___lldiv                         text7                   00617C
___lldiv@counter                 cstackCOMRAM            000029
___lldiv@dividend                cstackCOMRAM            00001D
___lldiv@divisor                 cstackCOMRAM            000021
___lldiv@quotient                cstackCOMRAM            000025
___lmul                          text16                  0065CC
___lmul@multiplicand             cstackCOMRAM            000015
___lmul@multiplier               cstackCOMRAM            000011
___lmul@product                  cstackCOMRAM            000019
___lwdiv                         text57                  00627A
___lwdiv@counter                 cstackBANK0             000077
___lwdiv@dividend                cstackBANK0             000073
___lwdiv@divisor                 cstackBANK0             000075
___lwdiv@quotient                cstackBANK0             000078
___lwmod                         text56                  006570
___lwmod@counter                 cstackCOMRAM            00003E
___lwmod@dividend                cstackBANK0             00006F
___lwmod@divisor                 cstackBANK0             000071
___param_bank                    (abs)                   000010
___rparam_used                   (abs)                   000001
___sp                            stack                   000000
___wmul                          text66                  0068F8
___wmul@multiplicand             cstackCOMRAM            000019
___wmul@multiplier               cstackCOMRAM            000017
___wmul@product                  cstackCOMRAM            00001B
___xxtofl                        text29                  00530C
___xxtofl@arg                    cstackCOMRAM            00001B
___xxtofl@exp                    cstackCOMRAM            00001A
___xxtofl@sign                   cstackCOMRAM            000019
___xxtofl@val                    cstackCOMRAM            000011
__accesstop                      (abs)                   000060
__activetblptr                   (abs)                   000003
__end_of_BlinkLed                text62                  005D22
__end_of_BroadcastCurrent        text59                  005EBE
__end_of_CalcBalancedCurrent     text52                  003588
__end_of_EE_Access               _EE_Access_const        F00012
__end_of_EE_CableLimit           _EE_CableLimit_const    F0000E
__end_of_EE_Config_LoadBl        _EE_Config_LoadBl_const F00010
__end_of_EE_ICal                 _EE_ICal_const          F0000A
__end_of_EE_MaxCurrent           _EE_MaxCurrent_const    F00004
__end_of_EE_MaxMains             _EE_MaxMains_const      F00002
__end_of_EE_MinCurrent           _EE_MinCurrent_const    F00006
__end_of_EE_Mode                 _EE_Mode_const          F0000C
__end_of_EE_RCmon                _EE_RCmon_const         F00014
__end_of_GLCD                    text33                  003B38
__end_of_GLCDHelp                text41                  004CFE
__end_of_GLCDMenu                text25                  002F9A
__end_of_GLCD_buffer_clr         text51                  006962
__end_of_GLCD_init               text23                  006366
__end_of_GLCD_print2             text40                  00627A
__end_of_GLCD_print_Amps         text31                  005998
__end_of_GLCD_print_arrows       text32                  006852
__end_of_GLCD_print_menu         text30                  005F5C
__end_of_GLCD_print_row          text43                  00666E
__end_of_GLCD_sendbuf            text45                  0064AE
__end_of_GLCD_version            text21                  0067EC
__end_of_GLCD_write_buf2         text44                  0051B8
__end_of_IsCurrentAvailable      text20                  005590
__end_of_MenuAccess              mediumconst             00F12D
__end_of_MenuCable               mediumconst             00F0C8
__end_of_MenuCal                 mediumconst             00EFF1
__end_of_MenuConfig              mediumconst             00F04D
__end_of_MenuLoadBl              mediumconst             00F10E
__end_of_MenuLock                mediumconst             00F0ED
__end_of_MenuMains               mediumconst             00F14C
__end_of_MenuMax                 mediumconst             00F078
__end_of_MenuMin                 mediumconst             00EFC1
__end_of_MenuMode                mediumconst             00F020
__end_of_MenuRCmon               mediumconst             00F0A1
__end_of_ProximityPin            text4                   006074
__end_of_RS232cli                text10                  002336
__end_of_RS485SendBuf            text61                  005B6C
__end_of_ReadPP                  text8                   0068AC
__end_of_ReadPilot               text3                   006444
__end_of_SendRS485               text9                   006510
__end_of_SetCurrent              text6                   004FFE
__end_of_StrAccess               mediumconst             00F18E
__end_of_StrCable                mediumconst             00F1B7
__end_of_StrCal                  mediumconst             00F1ED
__end_of_StrConfig               mediumconst             00F195
__end_of_StrDisabled             mediumconst             00F155
__end_of_StrEnabled              mediumconst             00F16F
__end_of_StrExit                 mediumconst             00F1DA
__end_of_StrExitMenu             mediumconst             00F1DF
__end_of_StrFixed                mediumconst             00F1BD
__end_of_StrLoadBl               mediumconst             00F15E
__end_of_StrLock                 mediumconst             00F1E4
__end_of_StrMains                mediumconst             00F1C3
__end_of_StrMaster               mediumconst             00F19C
__end_of_StrMax                  mediumconst             00F1F1
__end_of_StrMin                  mediumconst             00F1F5
__end_of_StrMode                 mediumconst             00F1E9
__end_of_StrMotor                mediumconst             00F1C9
__end_of_StrNormal               mediumconst             00F1A3
__end_of_StrRcmon                mediumconst             00F1CF
__end_of_StrSlave1               mediumconst             00F177
__end_of_StrSlave2               mediumconst             00F17F
__end_of_StrSlave3               mediumconst             00F187
__end_of_StrSmart                mediumconst             00F1D5
__end_of_StrSocket               mediumconst             00F1AA
__end_of_StrSolenoid             mediumconst             00F167
__end_of_StrSwitch               mediumconst             00F1B1
__end_of_Temp                    text5                   006570
__end_of_TestIO                  text2                   00530C
__end_of___awdiv                 text58                  0060F8
__end_of___awmod                 text39                  0063D6
__end_of___fldiv                 text38                  0049F8
__end_of___flge                  text19                  0056B0
__end_of___flmul                 text18                  0046BC
__end_of___flneg                 text17                  006880
__end_of___fltol                 text37                  0058A6
__end_of___lldiv                 text7                   0061FE
__end_of___lmul                  text16                  006622
__end_of___lwdiv                 text57                  0062F2
__end_of___lwmod                 text56                  0065CC
__end_of___wmul                  text66                  00691E
__end_of___xxtofl                text29                  00545C
__end_of__initialization         cinit                   005FDE
__end_of_atof                    text13                  0068D2
__end_of_atoi                    text12                  005DF0
__end_of_calc_crc16              text60                  00617C
__end_of_delay                   text28                  00677E
__end_of_delayus                 text24                  006A08
__end_of_dpowers                 mediumconst             00EF8E
__end_of_ease8InOutQuad          text64                  0067B6
__end_of_eeprom_read_object      text35                  006820
__end_of_eeprom_write_object     text27                  006700
__end_of_font                    mediumconst             00EF84
__end_of_glcd_clear              text22                  0069DC
__end_of_glcd_clrln              text36                  006940
__end_of_goto_col                text49                  0069A4
__end_of_goto_row                text48                  006A1A
__end_of_goto_xy                 text47                  006A3A
__end_of_high_isr                intcode                 0003B2
__end_of_init                    text1                   005C48
__end_of_isdigit                 text55                  0069C2
__end_of_isspace                 text15                  0068F8
__end_of_main                    text0                   0013FC
__end_of_printf                  text53                  00436C
__end_of_putch                   text54                  006A56
__end_of_read_settings           text34                  005A88
__end_of_scale8                  text65                  006984
__end_of_st7565_command          text50                  006A4A
__end_of_st7565_data             text46                  006A2A
__end_of_strcmp                  text11                  0066B8
__end_of_strlen                  text42                  006740
__end_of_strtod                  text14                  003FC0
__end_of_triwave8                text63                  0069F6
__end_of_write_settings          text26                  0057B0
__initialization                 cinit                   005F5C
__mediumconst                    mediumconst             00EA88
__p_EE_Access_const              _EE_Access_const        F00010
__p_EE_CableLimit_const          _EE_CableLimit_const    F0000C
__p_EE_Config_LoadBl_const       _EE_Config_LoadBl_const F0000E
__p_EE_ICal_const                _EE_ICal_const          F00006
__p_EE_MaxCurrent_const          _EE_MaxCurrent_const    F00002
__p_EE_MaxMains_const            _EE_MaxMains_const      F00000
__p_EE_MinCurrent_const          _EE_MinCurrent_const    F00004
__p_EE_Mode_const                _EE_Mode_const          F0000A
__p_EE_RCmon_const               _EE_RCmon_const         F00012
__pbssBANK0                      bssBANK0                0000B2
__pbssBANK1                      bssBANK1                000100
__pbssBANK2                      bssBANK2                000200
__pbssCOMRAM                     bssCOMRAM               00003F
__pcinit                         cinit                   005F5C
__pcstackBANK0                   cstackBANK0             000060
__pcstackBANK1                   cstackBANK1             0001EE
__pcstackBANK3                   cstackBANK3             000300
__pcstackCOMRAM                  cstackCOMRAM            000001
__pdataBANK0                     dataBANK0               0000F7
__pdataBANK1                     dataBANK1               0001F4
__pdataCOMRAM                    dataCOMRAM              00004E
__pidataBANK0                    idataBANK0              006A56
[...]
 Hardware stack levels used:    1
 Hardware stack levels required when called:    1
 This function calls:
		Nothing
 This function is called by:
		_BroadcastCurrent
		_SendRS485
		_main
 This function uses a non-reentrant model


 *************** function _RS485SendBuf *****************
 Defined at:
		line 490 in file "EVSE.c"
 Parameters:    Size  Location     Type
  buffer          2   16[COMRAM] PTR unsigned char 
		 -> Tbuffer(50), 
  len             1   18[COMRAM] unsigned char 
 Auto vars:     Size  Location     Type
  tmr             4   19[COMRAM] unsigned long 
  ch              1   24[COMRAM] unsigned char 
  index           1   23[COMRAM] unsigned char 
 Return value:  Size  Location     Type
                  1    wreg      void 
 Registers used:
		wreg, fsr2l, fsr2h, status,2, status,0, prodl, prodh
 Tracked objects:
		On entry : 
		On exit  : 
		Unchanged: 
 Data sizes:     COMRAM   BANK0   BANK1   BANK2   BANK3   BANK4   BANK5   BANK6   BANK7   BANK8   BANK9  BANK10  BANK11  BANK12  BANK13  BANK14  BANK15
      Params:         3       0       0       0       0       0       0       0       0       0       0       0       0       0       0       0       0
      Locals:         6       0       0       0       0       0       0       0       0       0       0       0       0       0       0       0       0
      Temps:          0       0       0       0       0       0       0       0       0       0       0       0       0       0       0       0       0
      Totals:         9       0       0       0       0       0       0       0       0       0       0       0       0       0       0       0       0
Total ram usage:        9 bytes
 Hardware stack levels used:    1
 Hardware stack levels required when called:    1
 This function calls:
		Nothing
 This function is called by:
		_BroadcastCurrent
		_SendRS485
 This function uses a non-reentrant model


 *************** function _BlinkLed *****************
 Defined at:
		line 577 in file "EVSE.c"
 Parameters:    Size  Location     Type
		None
 Auto vars:     Size  Location     Type
		None
 Return value:  Size  Location     Type
                  1    wreg      void 
 Registers used:
		wreg, status,2, status,0, prodl, prodh, cstack
 Tracked objects:
		On entry : 
		On exit  : 
		Unchanged: 
 Data sizes:     COMRAM   BANK0   BANK1   BANK2   BANK3   BANK4   BANK5   BANK6   BANK7   BANK8   BANK9  BANK10  BANK11  BANK12  BANK13  BANK14  BANK15
      Params:         0       0       0       0       0       0       0       0       0       0       0       0       0       0       0       0       0
      Locals:         0       0       0       0       0       0       0       0       0       0       0       0       0       0       0       0       0
      Temps:          0       0       0       0       0       0       0       0       0       0       0       0       0       0       0       0       0
      Totals:         0       0       0       0       0       0       0       0       0       0       0       0       0       0       0       0       0
Total ram usage:        0 bytes
 Hardware stack levels used:    1
 Hardware stack levels required when called:    4
 This function calls:
		_ease8InOutQuad
		_triwave8
 This function is called by:
		_main
 This function uses a non-reentrant model


 *************** function _triwave8 *****************
 Defined at:
		line 344 in file "EVSE.c"
 Parameters:    Size  Location     Type
  in              1    wreg     unsigned char 
 Auto vars:     Size  Location     Type
  in              1   18[COMRAM] unsigned char 
  out             1   17[COMRAM] unsigned char 
 Return value:  Size  Location     Type
                  1    wreg      unsigned char 
 Registers used:
		wreg, status,2, status,0
 Tracked objects:
		On entry : 
		On exit  : 
		Unchanged: 
 Data sizes:     COMRAM   BANK0   BANK1   BANK2   BANK3   BANK4   BANK5   BANK6   BANK7   BANK8   BANK9  BANK10  BANK11  BANK12  BANK13  BANK14  BANK15
      Params:         0       0       0       0       0       0       0       0       0       0       0       0       0       0       0       0       0
      Locals:         2       0       0       0       0       0       0       0       0       0       0       0       0       0       0       0       0
      Temps:          1       0       0       0       0       0       0       0       0       0       0       0       0       0       0       0       0
      Totals:         3       0       0       0       0       0       0       0       0       0       0       0       0       0       0       0       0
Total ram usage:        3 bytes
 Hardware stack levels used:    1
 Hardware stack levels required when called:    1
 This function calls:
		Nothing
 This function is called by:
		_BlinkLed
 This function uses a non-reentrant model


 *************** function _ease8InOutQuad *****************
 Defined at:
		line 360 in file "EVSE.c"
 Parameters:    Size  Location     Type
  i               1    wreg     unsigned char 
 Auto vars:     Size  Location     Type
  i               1   32[COMRAM] unsigned char 
  j               1   34[COMRAM] unsigned char 
  jj2             1   33[COMRAM] unsigned char 
  jj              1   31[COMRAM] unsigned char 
 Return value:  Size  Location     Type
                  1    wreg      unsigned char 
 Registers used:
		wreg, status,2, status,0, prodl, prodh, cstack
 Tracked objects:
		On entry : 
		On exit  : 
		Unchanged: 
 Data sizes:     COMRAM   BANK0   BANK1   BANK2   BANK3   BANK4   BANK5   BANK6   BANK7   BANK8   BANK9  BANK10  BANK11  BANK12  BANK13  BANK14  BANK15
      Params:         0       0       0       0       0       0       0       0       0       0       0       0       0       0       0       0       0
      Locals:         4       0       0       0       0       0       0       0       0       0       0       0       0       0       0       0       0
      Temps:          1       0       0       0       0       0       0       0       0       0       0       0       0       0       0       0       0
      Totals:         5       0       0       0       0       0       0       0       0       0       0       0       0       0       0       0       0
Total ram usage:        5 bytes
 Hardware stack levels used:    1
 Hardware stack levels required when called:    3
 This function calls:
		_scale8
 This function is called by:
		_BlinkLed
 This function uses a non-reentrant model


 *************** function _scale8 *****************
 Defined at:
		line 352 in file "EVSE.c"
 Parameters:    Size  Location     Type
  i               1    wreg     unsigned char 
  scale           1   28[COMRAM] unsigned char 
 Auto vars:     Size  Location     Type
  i               1   29[COMRAM] unsigned char 
 Return value:  Size  Location     Type
                  1    wreg      unsigned char 
 Registers used:
		wreg, status,2, status,0, prodl, prodh, cstack
 Tracked objects:
		On entry : 
		On exit  : 
		Unchanged: 
 Data sizes:     COMRAM   BANK0   BANK1   BANK2   BANK3   BANK4   BANK5   BANK6   BANK7   BANK8   BANK9  BANK10  BANK11  BANK12  BANK13  BANK14  BANK15
      Params:         1       0       0       0       0       0       0       0       0       0       0       0       0       0       0       0       0
      Locals:         1       0       0       0       0       0       0       0       0       0       0       0       0       0       0       0       0
      Temps:          0       0       0       0       0       0       0       0       0       0       0       0       0       0       0       0       0
      Totals:         2       0       0       0       0       0       0       0       0       0       0       0       0       0       0       0       0
Total ram usage:        2 bytes
 Hardware stack levels used:    1
 Hardware stack levels required when called:    2
 This function calls:
		___wmul
 This function is called by:
		_ease8InOutQuad
 This function uses a non-reentrant model


 *************** function ___wmul *****************
 Defined at:
		line 15 in file "C:\Program Files (x86)\Microchip\xc8\v1.37\sources\common\Umul16.c"
 Parameters:    Size  Location     Type
  multiplier      2   22[COMRAM] unsigned int 
  multiplicand    2   24[COMRAM] unsigned int 
 Auto vars:     Size  Location     Type
  product         2   26[COMRAM] unsigned int 
 Return value:  Size  Location     Type
                  2   22[COMRAM] unsigned int 
 Registers used:
		wreg, status,2, status,0, prodl, prodh
 Tracked objects:
		On entry : 
		On exit  : 
		Unchanged: 
 Data sizes:     COMRAM   BANK0   BANK1   BANK2   BANK3   BANK4   BANK5   BANK6   BANK7   BANK8   BANK9  BANK10  BANK11  BANK12  BANK13  BANK14  BANK15
      Params:         4       0       0       0       0       0       0       0       0       0       0       0       0       0       0       0       0
      Locals:         2       0       0       0       0       0       0       0       0       0       0       0       0       0       0       0       0
      Temps:          0       0       0       0       0       0       0       0       0       0       0       0       0       0       0       0       0
      Totals:         6       0       0       0       0       0       0       0       0       0       0       0       0       0       0       0       0
Total ram usage:        6 bytes
 Hardware stack levels used:    1
 Hardware stack levels required when called:    1
 This function calls:
		Nothing
 This function is called by:
		_scale8
		_SetCurrent
		_IsCurrentAvailable
		_CalcBalancedCurrent
		_main
		_GLCD_print_menu
		_GLCD_write_buf2
		_GLCD_print2
		_printf
		_atoi
		_GLCD_write
 This function uses a non-reentrant model


 *************** function _high_isr *****************
 Defined at:
		line 188 in file "EVSE.c"
 Parameters:    Size  Location     Type
		None
 Auto vars:     Size  Location     Type
		None
 Return value:  Size  Location     Type
                  1    wreg      void 
 Registers used:
		wreg, fsr2l, fsr2h, status,2, status,0, prodl, prodh
 Tracked objects:
		On entry : 
		On exit  : 
		Unchanged: 
 Data sizes:     COMRAM   BANK0   BANK1   BANK2   BANK3   BANK4   BANK5   BANK6   BANK7   BANK8   BANK9  BANK10  BANK11  BANK12  BANK13  BANK14  BANK15
      Params:         0       0       0       0       0       0       0       0       0       0       0       0       0       0       0       0       0
      Locals:         0       0       0       0       0       0       0       0       0       0       0       0       0       0       0       0       0
      Temps:         16       0       0       0       0       0       0       0       0       0       0       0       0       0       0       0       0
      Totals:        16       0       0       0       0       0       0       0       0       0       0       0       0       0       0       0       0
Total ram usage:       16 bytes
 Hardware stack levels used:    1
 This function calls:
		Nothing
 This function is called by:
		Interrupt level 2
 This function uses a non-reentrant model



MODULE INFORMATION

Module		Function		Class		Link	Load	Size
C:\Program Files (x86)\Microchip\xc8\v1.37\sources\common\sprcdiv.c
		___fldiv       		CODE           	46BC	0000	829

C:\Program Files (x86)\Microchip\xc8\v1.37\sources\common\sprcdiv.c estimated size: 829

C:\Program Files (x86)\Microchip\xc8\v1.37\sources\common\doprnt.c
		_printf        		CODE           	3FC0	0000	941

C:\Program Files (x86)\Microchip\xc8\v1.37\sources\common\doprnt.c estimated size: 941

C:\Program Files (x86)\Microchip\xc8\v1.37\sources\common\Umul16.c
		___wmul        		CODE           	68F8	0000	39

C:\Program Files (x86)\Microchip\xc8\v1.37\sources\common\Umul16.c estimated size: 39

C:\Program Files (x86)\Microchip\xc8\v1.37\sources\common\atoi.c
		_atoi          		CODE           	5D22	0000	207

C:\Program Files (x86)\Microchip\xc8\v1.37\sources\common\atoi.c estimated size: 207

C:\Program Files (x86)\Microchip\xc8\v1.37\sources\common\lwdiv.c
		___lwdiv       		CODE           	627A	0000	121

C:\Program Files (x86)\Microchip\xc8\v1.37\sources\common\lwdiv.c estimated size: 121

C:\Program Files (x86)\Microchip\xc8\v1.37\sources\common\awdiv.c
		___awdiv       		CODE           	6074	0000	133

C:\Program Files (x86)\Microchip\xc8\v1.37\sources\common\awdiv.c estimated size: 133

C:\Program Files (x86)\Microchip\xc8\v1.37\sources\common\fltol.c
		___fltol       		CODE           	57B0	0000	247

C:\Program Files (x86)\Microchip\xc8\v1.37\sources\common\fltol.c estimated size: 247

C:\Program Files (x86)\Microchip\xc8\v1.37\sources\common\isdigit.c
		_isdigit       		CODE           	69A4	0000	31

C:\Program Files (x86)\Microchip\xc8\v1.37\sources\common\isdigit.c estimated size: 31

C:\Program Files (x86)\Microchip\xc8\v1.37\sources\common\lldiv.c
		___lldiv       		CODE           	617C	0000	131

C:\Program Files (x86)\Microchip\xc8\v1.37\sources\common\lldiv.c estimated size: 131

GLCD.c
		_goto_row      		CODE           	6A08	0000	19
		_glcd_clear    		CODE           	69C2	0000	27
		_glcd_clrln    		CODE           	691E	0000	35
		_GLCD_print_Amps		CODE           	58A6	0000	243
		_GLCD_print_menu		CODE           	5EBE	0000	159
		_GLCD          		CODE           	3588	0000	1457
		_GLCD_write_buf2		CODE           	4FFE	0000	443
		_GLCD_buffer_clr		CODE           	6940	0000	35
		_GLCD_init     		CODE           	62F2	0000	117
		_delayus       		CODE           	69F6	0000	19
		_GLCD_print2   		CODE           	61FE	0000	125
		_GLCDHelp      		CODE           	49F8	0000	775
		_st7565_data   		CODE           	6A1A	0000	17
		_GLCD_sendbuf  		CODE           	6444	0000	107
		_GLCD_version  		CODE           	67B6	0000	55
		_GLCD_print_row		CODE           	6622	0000	77
		_goto_col      		CODE           	6984	0000	33
		_GLCDMenu      		CODE           	2336	0000	3173
		_st7565_command		CODE           	6A3A	0000	17
		_GLCD_print_arrows		CODE           	6820	0000	51
		_goto_xy       		CODE           	6A2A	0000	17

GLCD.c estimated size: 7001

C:\Program Files (x86)\Microchip\xc8\v1.37\sources\common\Umul32.c
		___lmul        		CODE           	65CC	0000	87

C:\Program Files (x86)\Microchip\xc8\v1.37\sources\common\Umul32.c estimated size: 87

shared
		_MenuRCmon     		MEDIUMCONST    	F078	0000	42
		_StrEnabled    		MEDIUMCONST    	F167	0000	9
		_MenuMax       		MEDIUMCONST    	F04D	0000	44
		_StrMaster     		MEDIUMCONST    	F195	0000	8
		_StrSmart      		MEDIUMCONST    	F1CF	0000	7
		_MenuCal       		MEDIUMCONST    	EFC1	0000	49
		_MenuMode      		MEDIUMCONST    	EFF1	0000	48
		_EE_MinCurrent 		CODE           	F00004	0000	3
		_StrLoadBl     		MEDIUMCONST    	F155	0000	10
		_MenuCable     		MEDIUMCONST    	F0A1	0000	40
		_StrFixed      		MEDIUMCONST    	F1B7	0000	7
		_EE_MaxCurrent 		CODE           	F00002	0000	3
		_MenuAccess    		MEDIUMCONST    	F10E	0000	32
		_MenuLock      		MEDIUMCONST    	F0C8	0000	38
		_StrConfig     		MEDIUMCONST    	F18E	0000	8
		_StrSolenoid   		MEDIUMCONST    	F15E	0000	10
		_font          		MEDIUMCONST    	EA89	0000	1276
		_MenuConfig    		MEDIUMCONST    	F020	0000	46
		_StrSocket     		MEDIUMCONST    	F1A3	0000	8
		_dpowers       		MEDIUMCONST    	EF84	0000	11
		_EE_Config_LoadBl		CODE           	F0000E	0000	3
		_StrRcmon      		MEDIUMCONST    	F1C9	0000	7
		_StrMotor      		MEDIUMCONST    	F1C3	0000	7
		_StrNormal     		MEDIUMCONST    	F19C	0000	8
		_StrMains      		MEDIUMCONST    	F1BD	0000	7
		__initialization		CODE           	5F5C	0000	131
		_StrAccess     		MEDIUMCONST    	F187	0000	8
		_EE_Access     		CODE           	F00010	0000	3
		_StrDisabled   		MEDIUMCONST    	F14C	0000	10
		_StrSlave1     		MEDIUMCONST    	F16F	0000	9
		_StrSlave2     		MEDIUMCONST    	F177	0000	9
		_StrSlave3     		MEDIUMCONST    	F17F	0000	9
		_StrLock       		MEDIUMCONST    	F1DF	0000	6
		_MenuMains     		MEDIUMCONST    	F12D	0000	32
		_StrCable      		MEDIUMCONST    	F1B1	0000	7
		_EE_RCmon      		CODE           	F00012	0000	3
		_EE_ICal       		CODE           	F00006	0000	5
		_StrExit       		MEDIUMCONST    	F1D5	0000	6
		_MenuLoadBl    		MEDIUMCONST    	F0ED	0000	34
		_StrMin        		MEDIUMCONST    	F1F1	0000	5
		_StrExitMenu   		MEDIUMCONST    	F1DA	0000	6
		_StrSwitch     		MEDIUMCONST    	F1AA	0000	8
		_MenuMin       		MEDIUMCONST    	EF8E	0000	52
		_StrMax        		MEDIUMCONST    	F1ED	0000	5
		_StrCal        		MEDIUMCONST    	F1E9	0000	5
		_StrMode       		MEDIUMCONST    	F1E4	0000	6
		_EE_MaxMains   		CODE           	F00000	0000	3
		_EE_Mode       		CODE           	F0000A	0000	3
		_EE_CableLimit 		CODE           	F0000C	0000	3

shared estimated size: 2099

C:\Program Files (x86)\Microchip\xc8\v1.37\sources\common\flneg.c
		___flneg       		CODE           	6852	0000	47

C:\Program Files (x86)\Microchip\xc8\v1.37\sources\common\flneg.c estimated size: 47

EVSE.c
		_RS485SendBuf  		CODE           	5A88	0000	229
		_init          		CODE           	5B6C	0000	221
		_ReadPilot     		CODE           	63D6	0000	111
		_BlinkLed      		CODE           	5C48	0000	219
		_delay         		CODE           	6740	0000	63
		_ReadPP        		CODE           	6880	0000	45
		_putch         		CODE           	6A4A	0000	13
		_eeprom_write_object		CODE           	66B8	0000	73
		_calc_crc16    		CODE           	60F8	0000	133
		_RS232cli      		CODE           	13FC	0000	3899
		_triwave8      		CODE           	69DC	0000	27
		_main          		CODE           	03B6	0000	4167
		_ProximityPin  		CODE           	5FE8	0000	141
		_high_isr      		CODE           	0008	0000	939
		_Temp          		CODE           	6510	0000	97
		_scale8        		CODE           	6962	0000	35
		_BroadcastCurrent		CODE           	5DF0	0000	207
		_eeprom_read_object		CODE           	67EC	0000	53
		_ease8InOutQuad		CODE           	677E	0000	57
		_SetCurrent    		CODE           	4CFE	0000	769
		_CalcBalancedCurrent		CODE           	2F9A	0000	1519
		_write_settings		CODE           	56B0	0000	257
		_read_settings 		CODE           	5998	0000	241
		_TestIO        		CODE           	51B8	0000	341
		_SendRS485     		CODE           	64AE	0000	99
		_IsCurrentAvailable		CODE           	545C	0000	309

EVSE.c estimated size: 14264

C:\Program Files (x86)\Microchip\xc8\v1.37\sources\common\flge.c
		___flge        		CODE           	5590	0000	289

C:\Program Files (x86)\Microchip\xc8\v1.37\sources\common\flge.c estimated size: 289

C:\Program Files (x86)\Microchip\xc8\v1.37\sources\common\xxtofl.c
		___xxtofl      		CODE           	530C	0000	337

C:\Program Files (x86)\Microchip\xc8\v1.37\sources\common\xxtofl.c estimated size: 337

C:\Program Files (x86)\Microchip\xc8\v1.37\sources\common\atof.c
		_atof          		CODE           	68AC	0000	39
		_strtod        		CODE           	3B38	0000	1161

C:\Program Files (x86)\Microchip\xc8\v1.37\sources\common\atof.c estimated size: 1200

C:\Program Files (x86)\Microchip\xc8\v1.37\sources\common\isspace.c
		_isspace       		CODE           	68D2	0000	39

C:\Program Files (x86)\Microchip\xc8\v1.37\sources\common\isspace.c estimated size: 39

C:\Program Files (x86)\Microchip\xc8\v1.37\sources\common\strlen.c
		_strlen        		CODE           	6700	0000	65

C:\Program Files (x86)\Microchip\xc8\v1.37\sources\common\strlen.c estimated size: 65

C:\Program Files (x86)\Microchip\xc8\v1.37\sources\common\lwmod.c
		___lwmod       		CODE           	6570	0000	93

C:\Program Files (x86)\Microchip\xc8\v1.37\sources\common\lwmod.c estimated size: 93

C:\Program Files (x86)\Microchip\xc8\v1.37\sources\common\strcmp.c
		_strcmp        		CODE           	666E	0000	75

C:\Program Files (x86)\Microchip\xc8\v1.37\sources\common\strcmp.c estimated size: 75

C:\Program Files (x86)\Microchip\xc8\v1.37\sources\common\sprcmul.c
		___flmul       		CODE           	436C	0000	849

C:\Program Files (x86)\Microchip\xc8\v1.37\sources\common\sprcmul.c estimated size: 849

C:\Program Files (x86)\Microchip\xc8\v1.37\sources\common\awmod.c
		___awmod       		CODE           	6366	0000	113

C:\Program Files (x86)\Microchip\xc8\v1.37\sources\common\awmod.c estimated size: 113

